// Jest Snapshot v1, https://goo.gl/fbAQLP

exports[`test TotalPrice component should render the component to match snapshot 1`] = `
<div
  className="row"
>
  <h5
    className="col income"
  >
    收入: 
    <span>
      1000
    </span>
  </h5>
  <h5
    className="col outcome"
  >
    支出: 
    <span>
      2000
    </span>
  </h5>
</div>
`;
